// Jest Snapshot v1, https://goo.gl/fbAQLP

exports[`should render button component 1`] = `ShallowWrapper {}`;
