// Jest Snapshot v1, https://goo.gl/fbAQLP

exports[`Cart Icon expect Cart Icon to match snapshot 1`] = `ShallowWrapper {}`;
