// Jest Snapshot v1, https://goo.gl/fbAQLP

exports[`Cart Dropdown should render cart dropdown component 1`] = `ShallowWrapper {}`;
